// Jest Snapshot v1, https://goo.gl/fbAQLP

exports[`TextInputCustom renders correctly 1`] = `
<View
  style={
    Object {
      "borderColor": "#D5D5D5",
      "borderRadius": 5,
      "borderWidth": 1,
      "justifyContent": "center",
      "marginTop": 38.114285714285714,
    }
  }
>
  <TextInput
    allowFontScaling={true}
    autoCorrect={false}
    onBlur={[Function]}
    onChangeText={[Function]}
    onFocus={[Function]}
    placeholder=""
    secureTextEntry={false}
    style={
      Object {
        "color": "#9A9A9A",
        "fontFamily": "Segoe UI",
        "fontSize": 17,
        "textAlign": "left",
      }
    }
    underlineColorAndroid="transparent"
    value=""
  />
</View>
`;
